26-06-06 22:10:12:011 [main] INFO  c.s.m.discodeit.DiscodeitApplication Starting DiscodeitApplication using Java 17.0.18 with PID 59106 (/Users/minjijeon/work_space_sprint/12-sprint-mission/build/classes/java/main started by minjijeon in /Users/minjijeon/work_space_sprint/12-sprint-mission)
26-06-06 22:10:12:015 [main] DEBUG c.s.m.discodeit.DiscodeitApplication Running with Spring Boot v3.4.0, Spring v6.2.0
26-06-06 22:10:12:016 [main] INFO  c.s.m.discodeit.DiscodeitApplication The following 1 profile is active: "dev"
26-06-06 22:10:13:270 [main] INFO  o.s.d.r.c.RepositoryConfigurationDelegate Bootstrapping Spring Data JPA repositories in DEFAULT mode.
26-06-06 22:10:13:359 [main] INFO  o.s.d.r.c.RepositoryConfigurationDelegate Finished Spring Data repository scanning in 78 ms. Found 6 JPA repository interfaces.
26-06-06 22:10:14:070 [main] INFO  o.s.b.w.e.tomcat.TomcatWebServer Tomcat initialized with port 8080 (http)
26-06-06 22:10:14:090 [main] INFO  o.a.coyote.http11.Http11NioProtocol Initializing ProtocolHandler ["http-nio-8080"]
26-06-06 22:10:14:095 [main] INFO  o.a.catalina.core.StandardService Starting service [Tomcat]
26-06-06 22:10:14:096 [main] INFO  o.a.catalina.core.StandardEngine Starting Servlet engine: [Apache Tomcat/10.1.33]
26-06-06 22:10:14:182 [main] INFO  o.a.c.c.C.[Tomcat].[localhost].[/] Initializing Spring embedded WebApplicationContext
26-06-06 22:10:14:183 [main] INFO  o.s.b.w.s.c.ServletWebServerApplicationContext Root WebApplicationContext: initialization completed in 2103 ms
26-06-06 22:10:14:309 [main] INFO  com.zaxxer.hikari.HikariDataSource HikariPool-1 - Starting...
26-06-06 22:10:14:622 [main] INFO  com.zaxxer.hikari.pool.HikariPool HikariPool-1 - Added connection org.postgresql.jdbc.PgConnection@439f2d87
26-06-06 22:10:14:628 [main] INFO  com.zaxxer.hikari.HikariDataSource HikariPool-1 - Start completed.
26-06-06 22:10:14:796 [main] INFO  o.h.jpa.internal.util.LogHelper HHH000204: Processing PersistenceUnitInfo [name: default]
26-06-06 22:10:14:897 [main] INFO  org.hibernate.Version HHH000412: Hibernate ORM core version 6.6.2.Final
26-06-06 22:10:14:957 [main] INFO  o.h.c.i.RegionFactoryInitiator HHH000026: Second-level cache disabled
26-06-06 22:10:15:239 [main] INFO  o.s.o.j.p.SpringPersistenceUnitInfo No LoadTimeWeaver setup: ignoring JPA class transformer
26-06-06 22:10:15:381 [main] INFO  o.hibernate.orm.connections.pooling HHH10001005: Database info:
	Database JDBC URL [Connecting through datasource 'HikariDataSource (HikariPool-1)']
	Database driver: undefined/unknown
	Database version: 18.3
	Autocommit mode: undefined/unknown
	Isolation level: undefined/unknown
	Minimum pool size: undefined/unknown
	Maximum pool size: undefined/unknown
26-06-06 22:10:15:930 [main] INFO  o.h.e.t.j.p.i.JtaPlatformInitiator HHH000489: No JTA platform available (set 'hibernate.transaction.jta.platform' to enable JTA platform integration)
26-06-06 22:10:15:992 [main] INFO  o.s.o.j.LocalContainerEntityManagerFactoryBean Initialized JPA EntityManagerFactory for persistence unit 'default'
26-06-06 22:10:16:178 [main] INFO  o.s.d.j.r.query.QueryEnhancerFactory Hibernate is in classpath; If applicable, HQL parser will be used.
26-06-06 22:10:16:551 [main] INFO  o.s.b.a.w.s.WelcomePageHandlerMapping Adding welcome page: class path resource [static/index.html]
26-06-06 22:10:16:793 [main] INFO  o.a.coyote.http11.Http11NioProtocol Starting ProtocolHandler ["http-nio-8080"]
26-06-06 22:10:16:802 [main] INFO  o.s.b.w.e.tomcat.TomcatWebServer Tomcat started on port 8080 (http) with context path '/'
26-06-06 22:10:16:810 [main] INFO  c.s.m.discodeit.DiscodeitApplication Started DiscodeitApplication in 5.399 seconds (process running for 5.947)
26-06-06 22:10:21:952 [SpringApplicationShutdownHook] INFO  o.s.b.w.e.tomcat.GracefulShutdown Commencing graceful shutdown. Waiting for active requests to complete
26-06-06 22:10:21:961 [tomcat-shutdown] INFO  o.s.b.w.e.tomcat.GracefulShutdown Graceful shutdown complete
26-06-06 22:10:21:968 [SpringApplicationShutdownHook] INFO  o.s.o.j.LocalContainerEntityManagerFactoryBean Closing JPA EntityManagerFactory for persistence unit 'default'
26-06-06 22:10:21:972 [SpringApplicationShutdownHook] INFO  com.zaxxer.hikari.HikariDataSource HikariPool-1 - Shutdown initiated...
26-06-06 22:10:21:974 [SpringApplicationShutdownHook] INFO  com.zaxxer.hikari.HikariDataSource HikariPool-1 - Shutdown completed.
26-06-06 23:33:24:692 [main] INFO  c.s.m.discodeit.DiscodeitApplication Starting DiscodeitApplication using Java 17.0.18 with PID 10049 (/Users/minjijeon/work_space_sprint/12-sprint-mission/build/classes/java/main started by minjijeon in /Users/minjijeon/work_space_sprint/12-sprint-mission)
26-06-06 23:33:24:694 [main] DEBUG c.s.m.discodeit.DiscodeitApplication Running with Spring Boot v3.4.0, Spring v6.2.0
26-06-06 23:33:24:694 [main] INFO  c.s.m.discodeit.DiscodeitApplication The following 1 profile is active: "dev"
26-06-06 23:33:25:552 [main] INFO  o.s.d.r.c.RepositoryConfigurationDelegate Bootstrapping Spring Data JPA repositories in DEFAULT mode.
26-06-06 23:33:25:609 [main] INFO  o.s.d.r.c.RepositoryConfigurationDelegate Finished Spring Data repository scanning in 48 ms. Found 6 JPA repository interfaces.
26-06-06 23:33:26:332 [main] INFO  o.s.b.w.e.tomcat.TomcatWebServer Tomcat initialized with port 8080 (http)
26-06-06 23:33:26:349 [main] INFO  o.a.coyote.http11.Http11NioProtocol Initializing ProtocolHandler ["http-nio-8080"]
26-06-06 23:33:26:354 [main] INFO  o.a.catalina.core.StandardService Starting service [Tomcat]
26-06-06 23:33:26:354 [main] INFO  o.a.catalina.core.StandardEngine Starting Servlet engine: [Apache Tomcat/10.1.33]
26-06-06 23:33:26:450 [main] INFO  o.a.c.c.C.[Tomcat].[localhost].[/] Initializing Spring embedded WebApplicationContext
26-06-06 23:33:26:451 [main] INFO  o.s.b.w.s.c.ServletWebServerApplicationContext Root WebApplicationContext: initialization completed in 1716 ms
26-06-06 23:33:26:581 [main] INFO  com.zaxxer.hikari.HikariDataSource HikariPool-1 - Starting...
26-06-06 23:33:26:804 [main] INFO  com.zaxxer.hikari.pool.HikariPool HikariPool-1 - Added connection org.postgresql.jdbc.PgConnection@2bdab835
26-06-06 23:33:26:805 [main] INFO  com.zaxxer.hikari.HikariDataSource HikariPool-1 - Start completed.
26-06-06 23:33:26:940 [main] INFO  o.h.jpa.internal.util.LogHelper HHH000204: Processing PersistenceUnitInfo [name: default]
26-06-06 23:33:27:045 [main] INFO  org.hibernate.Version HHH000412: Hibernate ORM core version 6.6.2.Final
26-06-06 23:33:27:107 [main] INFO  o.h.c.i.RegionFactoryInitiator HHH000026: Second-level cache disabled
26-06-06 23:33:27:285 [main] INFO  o.s.o.j.p.SpringPersistenceUnitInfo No LoadTimeWeaver setup: ignoring JPA class transformer
26-06-06 23:33:27:349 [main] INFO  o.hibernate.orm.connections.pooling HHH10001005: Database info:
	Database JDBC URL [Connecting through datasource 'HikariDataSource (HikariPool-1)']
	Database driver: undefined/unknown
	Database version: 18.3
	Autocommit mode: undefined/unknown
	Isolation level: undefined/unknown
	Minimum pool size: undefined/unknown
	Maximum pool size: undefined/unknown
26-06-06 23:33:27:831 [main] INFO  o.h.e.t.j.p.i.JtaPlatformInitiator HHH000489: No JTA platform available (set 'hibernate.transaction.jta.platform' to enable JTA platform integration)
26-06-06 23:33:27:887 [main] INFO  o.s.o.j.LocalContainerEntityManagerFactoryBean Initialized JPA EntityManagerFactory for persistence unit 'default'
26-06-06 23:33:27:994 [main] INFO  o.s.d.j.r.query.QueryEnhancerFactory Hibernate is in classpath; If applicable, HQL parser will be used.
26-06-06 23:33:28:351 [main] INFO  o.s.b.a.w.s.WelcomePageHandlerMapping Adding welcome page: class path resource [static/index.html]
26-06-06 23:33:28:541 [main] INFO  o.a.coyote.http11.Http11NioProtocol Starting ProtocolHandler ["http-nio-8080"]
26-06-06 23:33:28:550 [main] INFO  o.s.b.w.e.tomcat.TomcatWebServer Tomcat started on port 8080 (http) with context path '/'
26-06-06 23:33:28:557 [main] INFO  c.s.m.discodeit.DiscodeitApplication Started DiscodeitApplication in 4.273 seconds (process running for 4.949)
26-06-06 23:34:17:146 [SpringApplicationShutdownHook] INFO  o.s.b.w.e.tomcat.GracefulShutdown Commencing graceful shutdown. Waiting for active requests to complete
26-06-06 23:34:17:157 [tomcat-shutdown] INFO  o.s.b.w.e.tomcat.GracefulShutdown Graceful shutdown complete
26-06-06 23:34:17:161 [SpringApplicationShutdownHook] INFO  o.s.o.j.LocalContainerEntityManagerFactoryBean Closing JPA EntityManagerFactory for persistence unit 'default'
26-06-06 23:34:17:163 [SpringApplicationShutdownHook] INFO  com.zaxxer.hikari.HikariDataSource HikariPool-1 - Shutdown initiated...
26-06-06 23:34:17:165 [SpringApplicationShutdownHook] INFO  com.zaxxer.hikari.HikariDataSource HikariPool-1 - Shutdown completed.
26-06-06 23:57:27:338 [background-preinit] INFO  o.h.validator.internal.util.Version HV000001: Hibernate Validator 8.0.1.Final
26-06-06 23:57:27:359 [main] INFO  c.s.m.discodeit.DiscodeitApplication Starting DiscodeitApplication using Java 17.0.18 with PID 24906 (/Users/minjijeon/work_space_sprint/12-sprint-mission/build/classes/java/main started by minjijeon in /Users/minjijeon/work_space_sprint/12-sprint-mission)
26-06-06 23:57:27:360 [main] DEBUG c.s.m.discodeit.DiscodeitApplication Running with Spring Boot v3.4.0, Spring v6.2.0
26-06-06 23:57:27:360 [main] INFO  c.s.m.discodeit.DiscodeitApplication The following 1 profile is active: "dev"
26-06-06 23:57:27:806 [main] INFO  o.s.d.r.c.RepositoryConfigurationDelegate Bootstrapping Spring Data JPA repositories in DEFAULT mode.
26-06-06 23:57:27:844 [main] INFO  o.s.d.r.c.RepositoryConfigurationDelegate Finished Spring Data repository scanning in 34 ms. Found 6 JPA repository interfaces.
26-06-06 23:57:28:130 [main] INFO  o.s.b.w.e.tomcat.TomcatWebServer Tomcat initialized with port 8080 (http)
26-06-06 23:57:28:140 [main] INFO  o.a.coyote.http11.Http11NioProtocol Initializing ProtocolHandler ["http-nio-8080"]
26-06-06 23:57:28:141 [main] INFO  o.a.catalina.core.StandardService Starting service [Tomcat]
26-06-06 23:57:28:141 [main] INFO  o.a.catalina.core.StandardEngine Starting Servlet engine: [Apache Tomcat/10.1.33]
26-06-06 23:57:28:169 [main] INFO  o.a.c.c.C.[Tomcat].[localhost].[/] Initializing Spring embedded WebApplicationContext
26-06-06 23:57:28:169 [main] INFO  o.s.b.w.s.c.ServletWebServerApplicationContext Root WebApplicationContext: initialization completed in 794 ms
26-06-06 23:57:28:209 [main] INFO  com.zaxxer.hikari.HikariDataSource HikariPool-1 - Starting...
26-06-06 23:57:28:319 [main] INFO  com.zaxxer.hikari.pool.HikariPool HikariPool-1 - Added connection org.postgresql.jdbc.PgConnection@722787b5
26-06-06 23:57:28:320 [main] INFO  com.zaxxer.hikari.HikariDataSource HikariPool-1 - Start completed.
26-06-06 23:57:28:364 [main] INFO  o.h.jpa.internal.util.LogHelper HHH000204: Processing PersistenceUnitInfo [name: default]
26-06-06 23:57:28:397 [main] INFO  org.hibernate.Version HHH000412: Hibernate ORM core version 6.6.2.Final
26-06-06 23:57:28:413 [main] INFO  o.h.c.i.RegionFactoryInitiator HHH000026: Second-level cache disabled
26-06-06 23:57:28:542 [main] INFO  o.s.o.j.p.SpringPersistenceUnitInfo No LoadTimeWeaver setup: ignoring JPA class transformer
26-06-06 23:57:28:606 [main] INFO  o.hibernate.orm.connections.pooling HHH10001005: Database info:
	Database JDBC URL [Connecting through datasource 'HikariDataSource (HikariPool-1)']
	Database driver: undefined/unknown
	Database version: 18.3
	Autocommit mode: undefined/unknown
	Isolation level: undefined/unknown
	Minimum pool size: undefined/unknown
	Maximum pool size: undefined/unknown
26-06-06 23:57:29:061 [main] INFO  o.h.e.t.j.p.i.JtaPlatformInitiator HHH000489: No JTA platform available (set 'hibernate.transaction.jta.platform' to enable JTA platform integration)
26-06-06 23:57:29:116 [main] INFO  o.s.o.j.LocalContainerEntityManagerFactoryBean Initialized JPA EntityManagerFactory for persistence unit 'default'
26-06-06 23:57:29:219 [main] INFO  o.s.d.j.r.query.QueryEnhancerFactory Hibernate is in classpath; If applicable, HQL parser will be used.
26-06-06 23:57:29:557 [main] INFO  o.s.b.a.w.s.WelcomePageHandlerMapping Adding welcome page: class path resource [static/index.html]
26-06-06 23:57:29:742 [main] INFO  o.a.coyote.http11.Http11NioProtocol Starting ProtocolHandler ["http-nio-8080"]
26-06-06 23:57:29:749 [main] INFO  o.s.b.w.e.tomcat.TomcatWebServer Tomcat started on port 8080 (http) with context path '/'
26-06-06 23:57:29:756 [main] INFO  c.s.m.discodeit.DiscodeitApplication Started DiscodeitApplication in 2.63 seconds (process running for 3.209)
26-06-06 23:57:57:380 [http-nio-8080-exec-1] INFO  o.a.c.c.C.[Tomcat].[localhost].[/] Initializing Spring DispatcherServlet 'dispatcherServlet'
26-06-06 23:57:57:381 [http-nio-8080-exec-1] INFO  o.s.web.servlet.DispatcherServlet Initializing Servlet 'dispatcherServlet'
26-06-06 23:57:57:388 [http-nio-8080-exec-1] INFO  o.s.web.servlet.DispatcherServlet Completed initialization in 7 ms
